ADDRESS_HOME_COUNTRY | countryType | Country Type | usa | -default
ADDRESS_HOME_COUNTRY | country | Country, APO/FPO | US | country_1
NAME_FIRST | firstName | First Name |  | country_1
NAME_LAST | lastName | Last Name |  | country_1
ADDRESS_HOME_LINE1 | address1 | Address |  | country_1
ADDRESS_HOME_LINE2 | address2 | Address |  | country_1
ADDRESS_HOME_CITY | city | City |  | country_1
ADDRESS_HOME_STATE | state | State |  | country_1
ADDRESS_HOME_ZIP | zip | Zip |  | country_1

CREDIT_CARD_TYPE | ccType | Card Type: |  | ccType_1
CREDIT_CARD_NUMBER | ccNumber | Card Number: |  | ccType_1
CREDIT_CARD_EXP_MONTH | expMonth | Expiration: | 1 | ccType_1
CREDIT_CARD_EXP_4_DIGIT_YEAR | expYear | Expiration: | 2011 | ccType_1
CREDIT_CARD_VERIFICATION_CODE | ccSecCode | Security Code: CLOSEVisa, Mastercard & Discover:The security code is a 3-digit number found on the back of the card near the signature strip.American Express:The security code is a 4-digit number found on the front right side of the card. |  | ccType_1
UNKNOWN_TYPE | birthMonthBMLField | Birthday: CLOSEWe need your birthday for the Bill Me Later速 credit check process. |  | birthMonthBMLField_2
UNKNOWN_TYPE | birthDayBMLField | Birthday: CLOSEWe need your birthday for the Bill Me Later速 credit check process. |  | birthMonthBMLField_2
UNKNOWN_TYPE | birthYearBMLField | Birthday: CLOSEWe need your birthday for the Bill Me Later速 credit check process. |  | birthMonthBMLField_2
UNKNOWN_TYPE | SSN | Last 4 digits of your social security #: CLOSEWe need the last 4 digits of your SSN for the Bill Me Later速 credit check process. If you do not have an SSN, you can still pay by Credit Card or PayPal. |  | birthMonthBMLField_2
ADDRESS_HOME_COUNTRY | countryType | Country Type | usa | birthMonthBMLField_2
ADDRESS_HOME_COUNTRY | country | Country, APO/FPO | US | birthMonthBMLField_2
NAME_FIRST | firstName | First Name |  | birthMonthBMLField_2
NAME_LAST | lastName | Last Name |  | birthMonthBMLField_2
ADDRESS_HOME_LINE1 | address1 | Address |  | birthMonthBMLField_2
ADDRESS_HOME_LINE2 | address2 | Address |  | birthMonthBMLField_2
ADDRESS_HOME_CITY | city | City |  | birthMonthBMLField_2
ADDRESS_HOME_STATE | state | State |  | birthMonthBMLField_2
ADDRESS_HOME_ZIP | zip | Zip |  | birthMonthBMLField_2
EMAIL_ADDRESS | email | Email CLOSEWe use this to send you an order confirmation and tracking info once your order ships. |  | birthMonthBMLField_2
EMAIL_ADDRESS | confirmEmail | Re-Type Email |  | birthMonthBMLField_2
PHONE_HOME_CITY_AND_NUMBER | billingPhone | Billing Phone Number CLOSEThis must match the phone number on your credit card statement. Don't worry... we never share your number with anyone. |  | birthMonthBMLField_2
UNKNOWN_TYPE | accessPassNumber | My AEREWARD$ # CLOSEAEREWARD$ NumberEnter the number found on the back of your AEREWARD$ card to earn rewards for your purchase.Learn More about AEREWARD$ |  | birthMonthBMLField_2
UNKNOWN_TYPE | aeAccountPass | Password (6-15 Letters & Numbers) |  | birthMonthBMLField_2
UNKNOWN_TYPE | aeAccountPassConfirm | Confirm Password |  | birthMonthBMLField_2
UNKNOWN_TYPE | birthMonthBillAddField | Birthday: CLOSEWe'd love to wish you a happy birthday when it's time! However, you need to be 13 or older to create an account. |  | birthMonthBMLField_2
UNKNOWN_TYPE | birthDayBillAddField | Birthday: CLOSEWe'd love to wish you a happy birthday when it's time! However, you need to be 13 or older to create an account. |  | birthMonthBMLField_2
UNKNOWN_TYPE | birthYearBillAddField | Birthday: CLOSEWe'd love to wish you a happy birthday when it's time! However, you need to be 13 or older to create an account. |  | birthMonthBMLField_2

MERCHANT_PROMO_CODE | CouponCode | Discount Code: CLOSEApplying DiscountsEnter your 8 or 20 digit code into the Discount Code field without any spaces, then click the Apply Discount button.Learn More about how to find and apply discounts |  | CouponCode_1

UNKNOWN_TYPE | giftNumEntry | Gift Card Number: CLOSEYour 19-digit Gift Card number and four-digit pin number are on the back of your Gift Card. Enter these numbers in the Gift Card fields, then click the Apply button.Learn More about how to use Gift Cards. |  | giftNumEntry_1
UNKNOWN_TYPE | pinNumEntry | PIN: |  | giftNumEntry_1

UNKNOWN_TYPE | logonUsername | Secure account sign in | Email Address | logonUsername_1
UNKNOWN_TYPE | logonPassword | password | password | logonUsername_1

UNKNOWN_TYPE | username | Access your wish list | Email | username_1
UNKNOWN_TYPE | password | Password | Password | username_1

UNKNOWN_TYPE | zip | Find a store | Enter ZIP/Postal | zip_1
