NAME_FIRST | currentShipment.shipmentAddress.firstName | First Name: |  | currentShipment.shipmentAddress.firstName_1
NAME_LAST | currentShipment.shipmentAddress.lastName | Last Name: |  | currentShipment.shipmentAddress.firstName_1
ADDRESS_HOME_LINE1 | currentShipment.shipmentAddress.address1 | Address: |  | currentShipment.shipmentAddress.firstName_1
ADDRESS_HOME_LINE2 | currentShipment.shipmentAddress.address2 | * Address: |  | currentShipment.shipmentAddress.firstName_1
ADDRESS_HOME_CITY | currentShipment.shipmentAddress.city | City: |  | currentShipment.shipmentAddress.firstName_1
ADDRESS_HOME_STATE | currentShipment.shipmentAddress.state | State: | NOSELECTION | currentShipment.shipmentAddress.firstName_1
ADDRESS_HOME_ZIP | currentShipment.shipmentAddress.zipCode | ZipCode: |  | currentShipment.shipmentAddress.firstName_1
PHONE_HOME_CITY_CODE_WITH_TRUNK_PREFIX | currentShipment.shipmentAddress.dayPhone.areaCode | Phone: |  | currentShipment.shipmentAddress.firstName_1
PHONE_HOME_NUMBER | currentShipment.shipmentAddress.dayPhone.exchangeNbr | * Phone: |  | currentShipment.shipmentAddress.firstName_1
PHONE_HOME_CITY_AND_NUMBER | currentShipment.shipmentAddress.dayPhone.subscriberNbr | * Phone: |  | currentShipment.shipmentAddress.firstName_1
