EMAIL_ADDRESS | LOYALTY_ACCOUNT<>email | Email* |  | LOYALTY_ACCOUNT<>email_1
ADDRESS_HOME_COUNTRY | LOYALTY_ADDRESS<>country_cd | Country* | US | LOYALTY_ACCOUNT<>email_1
NAME_FIRST | USER_ACCOUNT<>firstName | First Name* |  | LOYALTY_ACCOUNT<>email_1
NAME_LAST | USER_ACCOUNT<>lastName | Last Name* |  | LOYALTY_ACCOUNT<>email_1
ADDRESS_HOME_LINE1 | LOYALTY_ADDRESS<>address1 | Address Line 1* |  | LOYALTY_ACCOUNT<>email_1
ADDRESS_HOME_LINE2 | LOYALTY_ADDRESS<>address2 | Address Line 2 |  | LOYALTY_ACCOUNT<>email_1
ADDRESS_HOME_LINE3 | LOYALTY_ADDRESS<>address3 | Address Line 3 |  | LOYALTY_ACCOUNT<>email_1
ADDRESS_HOME_CITY | LOYALTY_ADDRESS<>city | City* |  | LOYALTY_ACCOUNT<>email_1
ADDRESS_HOME_STATE | LOYALTY_ADDRESS<>state_cd | State/Province* |  | LOYALTY_ACCOUNT<>email_1
ADDRESS_HOME_ZIP | LOYALTY_ADDRESS<>postal | Zip/Postal Code*! |  | LOYALTY_ACCOUNT<>email_1
PHONE_HOME_CITY_AND_NUMBER | LOYALTY_ADDRESS<>phone | Daytime Phone* |  | LOYALTY_ACCOUNT<>email_1
UNKNOWN_TYPE | LOYALTY_ACCOUNT<>password | Password*! |  | LOYALTY_ACCOUNT<>email_1
UNKNOWN_TYPE | LOYALTY_ACCOUNT<>confirmPassword | Confirm Password* |  | LOYALTY_ACCOUNT<>email_1
UNKNOWN_TYPE | LOYALTY_ACCOUNT<>ATR_USER_Password_Hint | Password Hint* |  | LOYALTY_ACCOUNT<>email_1

EMAIL_ADDRESS | SUBSCRIBER_INFO<>email | Exclusive E-Mail Sign Up | Sign Up Today! | SUBSCRIBER_INFO<>email_1

UNKNOWN_TYPE | SEARCH_INPUT<>searchFor | search by keyword or item# | search by keyword or item# | SEARCH_INPUT<>searchFor_1
