EMAIL_ADDRESS | EmailAddress | Email Address | Email Address | EmailAddress_1

NAME_FIRST | firstName | First Name:* |  | firstName_1
NAME_MIDDLE_INITIAL | middleName | Middle Initial: |  | firstName_1
NAME_LAST | lastName | Last Name:* |  | firstName_1
UNKNOWN_TYPE | logonPassword | Password:* |  | firstName_1
UNKNOWN_TYPE | logonPasswordVerify | Re-type Password:* |  | firstName_1
ADDRESS_HOME_ZIP | zipCode | ZIP (Postal) Code:* |  | firstName_1
EMAIL_ADDRESS | email1 | E-mail Address:* |  | firstName_1
