UNKNOWN_TYPE | payment_method | Select payment method | 1 | payment_method_1
CREDIT_CARD_NUMBER | credit_card[card_number] | Card number* |  | credit_card[card_number]_2
CREDIT_CARD_EXP_MONTH | credit_card[expiration_month] | Expiration Month* | 1 | credit_card[card_number]_2
CREDIT_CARD_EXP_4_DIGIT_YEAR | credit_card[expiration_year] | Expiration Year* | 2016 | credit_card[card_number]_2
CREDIT_CARD_VERIFICATION_CODE | credit_card[security_code] | What is this? |  | credit_card[card_number]_2
CREDIT_CARD_NAME_FULL | credit_card[card_holder_name] | Name on card* | Homer Simpson | credit_card[card_number]_2
UNKNOWN_TYPE | GiftPromo | Enter a gift card number |  | -default
