NAME_FIRST | addfirstName | First name: |  | addfirstName_1
NAME_LAST | addlastName | Last name: |  | addfirstName_1
ADDRESS_HOME_LINE1 | address | Address: |  | addfirstName_1
ADDRESS_HOME_CITY | addcity | City: |  | addfirstName_1
ADDRESS_HOME_STATE | addstate | State: |  | addfirstName_1
ADDRESS_HOME_ZIP_PREFIX | addzipcode | ZIP Code: |  | addfirstName_1
ADDRESS_HOME_ZIP_SUFFIX | addzipcodeExt | Optional |  | addfirstName_1
EMAIL_ADDRESS | addemail | Email address: |  | addfirstName_1
PHONE_HOME_CITY_AND_NUMBER | addphone | Phone number: |  | addfirstName_1
