CREDIT_CARD_TYPE | creditCard.cardType.code | Card type | -1 | creditCard.cardType.code_1
CREDIT_CARD_NUMBER | creditCard.cardNumber | Card number |  | creditCard.cardType.code_1
CREDIT_CARD_EXP_MONTH | creditCard.expMonth | Expiration | 01 | creditCard.cardType.code_1
CREDIT_CARD_EXP_4_DIGIT_YEAR | creditCard.expYear | Expiration | 2016 | creditCard.cardType.code_1
CREDIT_CARD_VERIFICATION_CODE | fake-password | Security code |  | creditCard.cardType.code_1
CREDIT_CARD_VERIFICATION_CODE | creditCard.securityCode | Security code |  | creditCard.cardType.code_1
NAME_FIRST | billingContact.firstName | First name |  | billingContact.firstName_2
NAME_LAST | billingContact.lastName | Last name |  | billingContact.firstName_2
ADDRESS_HOME_LINE1 | billingAddress.addressLine1 | Address line 1 |  | billingContact.firstName_2
ADDRESS_HOME_LINE2 | billingAddress.addressLine2 | Address line 2 (optional) |  | billingContact.firstName_2
ADDRESS_HOME_CITY | billingAddress.city | City |  | billingContact.firstName_2
ADDRESS_HOME_STATE | billingAddress.state | State | -1 | billingContact.firstName_2
ADDRESS_HOME_ZIP | billingAddress.zipCode | Zip code |  | billingContact.firstName_2
PHONE_HOME_CITY_AND_NUMBER | billingAddress.phone | Phone number |  | billingContact.firstName_2
EMAIL_ADDRESS | billingContact.email | Email address |  | billingContact.firstName_2
