CREDIT_CARD_TYPE | /bodybuilding/commerce/order/purchase/CardPaymentInfoFormHandler.billingInfo.creditCard.creditCardType | Credit Card Type | visa | /bodybuilding/commerce/order/purchase/CardPaymentInfoFormHandler.billingInfo.creditCard.creditCardType_1
CREDIT_CARD_NAME_FULL | cardholder | Cardholder Name |  | /bodybuilding/commerce/order/purchase/CardPaymentInfoFormHandler.billingInfo.creditCard.creditCardType_1
CREDIT_CARD_NUMBER | cardnumber | Credit Card Number |  | /bodybuilding/commerce/order/purchase/CardPaymentInfoFormHandler.billingInfo.creditCard.creditCardType_1
CREDIT_CARD_EXP_MONTH | /bodybuilding/commerce/order/purchase/CardPaymentInfoFormHandler.billingInfo.creditCard.expirationMonth | Expiration Date | 01 | /bodybuilding/commerce/order/purchase/CardPaymentInfoFormHandler.billingInfo.creditCard.creditCardType_1
CREDIT_CARD_EXP_4_DIGIT_YEAR | /bodybuilding/commerce/order/purchase/CardPaymentInfoFormHandler.billingInfo.creditCard.expirationYear | Expiration Date | 2015 | /bodybuilding/commerce/order/purchase/CardPaymentInfoFormHandler.billingInfo.creditCard.creditCardType_1
CREDIT_CARD_VERIFICATION_CODE | secureid | CVC/CVV |  | /bodybuilding/commerce/order/purchase/CardPaymentInfoFormHandler.billingInfo.creditCard.creditCardType_1
NAME_FIRST | /bodybuilding/commerce/order/purchase/CardPaymentInfoFormHandler.billingInfo.creditCard.billingAddress.firstName | First Name |  | /bodybuilding/commerce/order/purchase/CardPaymentInfoFormHandler.billingInfo.creditCard.billingAddress.firstName_2
NAME_LAST | /bodybuilding/commerce/order/purchase/CardPaymentInfoFormHandler.billingInfo.creditCard.billingAddress.lastName | Last Name |  | /bodybuilding/commerce/order/purchase/CardPaymentInfoFormHandler.billingInfo.creditCard.billingAddress.firstName_2
ADDRESS_HOME_COUNTRY | /bodybuilding/commerce/order/purchase/CardPaymentInfoFormHandler.billingInfo.creditCard.billingAddress.country | Country | US | /bodybuilding/commerce/order/purchase/CardPaymentInfoFormHandler.billingInfo.creditCard.billingAddress.firstName_2
ADDRESS_HOME_LINE1 | address1 | Address |  | /bodybuilding/commerce/order/purchase/CardPaymentInfoFormHandler.billingInfo.creditCard.billingAddress.firstName_2
ADDRESS_HOME_LINE2 | /bodybuilding/commerce/order/purchase/CardPaymentInfoFormHandler.billingInfo.creditCard.billingAddress.address2 | Address |  | /bodybuilding/commerce/order/purchase/CardPaymentInfoFormHandler.billingInfo.creditCard.billingAddress.firstName_2
ADDRESS_HOME_CITY | city | City |  | /bodybuilding/commerce/order/purchase/CardPaymentInfoFormHandler.billingInfo.creditCard.billingAddress.firstName_2
ADDRESS_HOME_STATE | /bodybuilding/commerce/order/purchase/CardPaymentInfoFormHandler.billingInfo.creditCard.billingAddress.state | State: |  | /bodybuilding/commerce/order/purchase/CardPaymentInfoFormHandler.billingInfo.creditCard.billingAddress.firstName_2
ADDRESS_HOME_STATE | /bodybuilding/commerce/order/purchase/CardPaymentInfoFormHandler.billingInfo.creditCard.billingAddress.state | State: |  | /bodybuilding/commerce/order/purchase/CardPaymentInfoFormHandler.billingInfo.creditCard.billingAddress.firstName_2
ADDRESS_HOME_STATE | /bodybuilding/commerce/order/purchase/CardPaymentInfoFormHandler.billingInfo.creditCard.billingAddress.state | State: |  | /bodybuilding/commerce/order/purchase/CardPaymentInfoFormHandler.billingInfo.creditCard.billingAddress.firstName_2
ADDRESS_HOME_STATE | /bodybuilding/commerce/order/purchase/CardPaymentInfoFormHandler.billingInfo.creditCard.billingAddress.state | State: |  | /bodybuilding/commerce/order/purchase/CardPaymentInfoFormHandler.billingInfo.creditCard.billingAddress.firstName_2
ADDRESS_HOME_ZIP | /bodybuilding/commerce/order/purchase/CardPaymentInfoFormHandler.billingInfo.creditCard.billingAddress.postalCode | Zip / Postal Code |  | /bodybuilding/commerce/order/purchase/CardPaymentInfoFormHandler.billingInfo.creditCard.billingAddress.firstName_2
PHONE_HOME_CITY_AND_NUMBER | /bodybuilding/commerce/order/purchase/CardPaymentInfoFormHandler.billingInfo.creditCard.billingAddress.phoneNumber | Phone |  | /bodybuilding/commerce/order/purchase/CardPaymentInfoFormHandler.billingInfo.creditCard.billingAddress.firstName_2
UNKNOWN_TYPE | /bodybuilding/commerce/cart/item/3281003514/item_qty | Optimum Nutrition Gold Standard 100% Whey Delicious Strawberry,Â 1 Lb. $14.98 | 1 | /bodybuilding/commerce/order/purchase/CardPaymentInfoFormHandler.billingInfo.creditCard.billingAddress.firstName_2
UNKNOWN_TYPE | formhandler | Orders are subject to Bodybuilding.com'sTerms of Use and Privacy Policy. Please send me the | /bodybuilding/commerce/order/purchase/CardPaymentInfoFormHandler | -default
