UNKNOWN_TYPE | unbxd_q | enter keyword or item number... | enter keyword or item number... | unbxd_q_1
MERCHANT_PROMO_CODE | CouponCode | Enter Your Gift Card or Coupon Number: |  | -default
UNKNOWN_TYPE | CouponPin | Enter Your Gift Card Pin Number: |  | -default
CREDIT_CARD_NUMBER | CreditCardNumber | Credit Card Number: |  | CreditCardNumber_2
CREDIT_CARD_NAME_FULL | CreditCardHolderName | Name on Card: |  | CreditCardNumber_2
CREDIT_CARD_EXP_MONTH | CreditCardMonth | Month: | 01 | CreditCardNumber_2
CREDIT_CARD_EXP_4_DIGIT_YEAR | CreditCardYear | Year: | 2017 | CreditCardNumber_2
CREDIT_CARD_VERIFICATION_CODE | CreditCardSecurityValue | Card Security Value: |  | CreditCardNumber_2
NAME_FIRST | BillingAddressFirstName | First Name: |  | unbxd_q_1
NAME_LAST | BillingAddressLastName | Last Name: |  | unbxd_q_1
COMPANY_NAME | BillingAddressCompanyName | School or Company Name: |  | unbxd_q_1
ADDRESS_HOME_LINE1 | BillingAddressStreetLine1 | Street Address: |  | unbxd_q_1
ADDRESS_HOME_LINE2 | BillingAddressSuiteNumber | Apt/Suite: |  | unbxd_q_1
ADDRESS_HOME_LINE3 | BillingAddressStreetLine2 | Street Address Line 2 (optional): |  | unbxd_q_1
ADDRESS_HOME_CITY | BillingAddressCity | City: |  | unbxd_q_1
ADDRESS_HOME_STATE | BillingAddressState | State: | 0 | unbxd_q_1
UNKNOWN_TYPE | BillingAddressNotUsState | State/Province: |  | -default
ADDRESS_HOME_ZIP | BillingAddressZipCode | Zip Code: |  | unbxd_q_1
ADDRESS_HOME_ZIP | BillingAddressPostalCode | Postal Code: |  | -default
ADDRESS_HOME_COUNTRY | BillingAddressCountry | Country: | 0 | unbxd_q_1
PHONE_HOME_CITY_AND_NUMBER | ContactDaytimePhoneNumber | Daytime Telephone: |  | unbxd_q_1
PHONE_HOME_CITY_AND_NUMBER | ContactEveningPhoneNumber | Evening Telephone: |  | unbxd_q_1
EMAIL_ADDRESS | ContactEmailAddress | Email Address: |  | unbxd_q_1
UNKNOWN_TYPE | unbxd_q | enter keyword or item number... | enter keyword or item number... | unbxd_q_1
MERCHANT_PROMO_CODE | CouponCode | Enter Your Gift Card or Coupon Number: |  | -default
UNKNOWN_TYPE | CouponPin | Enter Your Gift Card Pin Number: |  | -default
CREDIT_CARD_NUMBER | CreditCardNumber | Credit Card Number: |  | CreditCardNumber_2
CREDIT_CARD_NAME_FULL | CreditCardHolderName | Name on Card: |  | CreditCardNumber_2
CREDIT_CARD_EXP_MONTH | CreditCardMonth | Month: | 01 | CreditCardNumber_2
CREDIT_CARD_EXP_4_DIGIT_YEAR | CreditCardYear | Year: | 2017 | CreditCardNumber_2
CREDIT_CARD_VERIFICATION_CODE | CreditCardSecurityValue | Card Security Value: |  | CreditCardNumber_2
NAME_FIRST | BillingAddressFirstName | First Name: |  | BillingAddressFirstName_3
NAME_LAST | BillingAddressLastName | Last Name: |  | BillingAddressFirstName_3
COMPANY_NAME | BillingAddressCompanyName | School or Company Name: |  | BillingAddressFirstName_3
ADDRESS_HOME_LINE1 | BillingAddressStreetLine1 | Street Address: |  | BillingAddressFirstName_3
ADDRESS_HOME_LINE2 | BillingAddressSuiteNumber | Apt/Suite: |  | BillingAddressFirstName_3
ADDRESS_HOME_LINE3 | BillingAddressStreetLine2 | Street Address Line 2 (optional): |  | BillingAddressFirstName_3
ADDRESS_HOME_CITY | BillingAddressCity | City: |  | BillingAddressFirstName_3
ADDRESS_HOME_STATE | BillingAddressState | State: | 0 | BillingAddressFirstName_3
UNKNOWN_TYPE | BillingAddressNotUsState | State/Province: |  | -default
ADDRESS_HOME_ZIP | BillingAddressZipCode | Zip Code: |  | BillingAddressFirstName_3
ADDRESS_HOME_ZIP | BillingAddressPostalCode | Postal Code: |  | -default
ADDRESS_HOME_COUNTRY | BillingAddressCountry | Country: | 0 | BillingAddressFirstName_3
PHONE_HOME_CITY_AND_NUMBER | ContactDaytimePhoneNumber | Daytime Telephone: |  | BillingAddressFirstName_3
PHONE_HOME_CITY_AND_NUMBER | ContactEveningPhoneNumber | Evening Telephone: |  | BillingAddressFirstName_3
EMAIL_ADDRESS | ContactEmailAddress | Email Address: |  | BillingAddressFirstName_3
UNKNOWN_TYPE | unbxd_q | enter keyword or item number... | enter keyword or item number... | BillingAddressFirstName_3
MERCHANT_PROMO_CODE | CouponCode | Enter Your Gift Card or Coupon Number: |  | -default
UNKNOWN_TYPE | CouponPin | Enter Your Gift Card Pin Number: |  | -default
CREDIT_CARD_NUMBER | CreditCardNumber | Credit Card Number: |  | CreditCardNumber_2
CREDIT_CARD_NAME_FULL | CreditCardHolderName | Name on Card: |  | CreditCardNumber_2
CREDIT_CARD_EXP_MONTH | CreditCardMonth | Month: | 01 | CreditCardNumber_2
CREDIT_CARD_EXP_4_DIGIT_YEAR | CreditCardYear | Year: | 2017 | CreditCardNumber_2
CREDIT_CARD_VERIFICATION_CODE | CreditCardSecurityValue | Card Security Value: |  | CreditCardNumber_2
NAME_FIRST | BillingAddressFirstName | First Name: |  | BillingAddressFirstName_4
NAME_LAST | BillingAddressLastName | Last Name: |  | BillingAddressFirstName_4
COMPANY_NAME | BillingAddressCompanyName | School or Company Name: |  | BillingAddressFirstName_4
ADDRESS_HOME_LINE1 | BillingAddressStreetLine1 | Street Address: |  | BillingAddressFirstName_4
ADDRESS_HOME_LINE2 | BillingAddressSuiteNumber | Apt/Suite: |  | BillingAddressFirstName_4
ADDRESS_HOME_LINE3 | BillingAddressStreetLine2 | Street Address Line 2 (optional): |  | BillingAddressFirstName_4
ADDRESS_HOME_CITY | BillingAddressCity | City: |  | BillingAddressFirstName_4
ADDRESS_HOME_STATE | BillingAddressState | State: | 0 | BillingAddressFirstName_4
UNKNOWN_TYPE | BillingAddressNotUsState | State/Province: |  | -default
ADDRESS_HOME_ZIP | BillingAddressZipCode | Zip Code: |  | BillingAddressFirstName_4
ADDRESS_HOME_ZIP | BillingAddressPostalCode | Postal Code: |  | -default
ADDRESS_HOME_COUNTRY | BillingAddressCountry | Country: | 0 | BillingAddressFirstName_4
PHONE_HOME_CITY_AND_NUMBER | ContactDaytimePhoneNumber | Daytime Telephone: |  | BillingAddressFirstName_4
PHONE_HOME_CITY_AND_NUMBER | ContactEveningPhoneNumber | Evening Telephone: |  | BillingAddressFirstName_4
EMAIL_ADDRESS | ContactEmailAddress | Email Address: |  | BillingAddressFirstName_4
