ADDRESS_HOME_ZIP | Customer.Postcode | Postleitzahl |  | Customer.Postcode_1
ADDRESS_HOME_STREET_NAME | Customer.Street | Stra√üenname |  | Customer.Postcode_1
ADDRESS_HOME_HOUSE_NUMBER | Customer.StreetNo | Hausnummer |  | Customer.Postcode_1
