// basic_union.test-mojom-forward.h is auto generated by mojom_bindings_generator.py, do not edit

// Copyright 2019 The Chromium Authors
// Use of this source code is governed by a BSD-style license that can be
// found in the LICENSE file.

#ifndef BASIC_UNION_TEST_MOJOM_FORWARD_H_
#define BASIC_UNION_TEST_MOJOM_FORWARD_H_

#include <stdint.h>

#include "mojo/public/cpp/bindings/struct_forward.h"




#include "mojo/public/interfaces/bindings/native_struct.mojom-forward.h"






namespace golden {
class StructInUnionDataView;

class BasicUnionDataView;

enum class EnumInUnion : int32_t;
class StructInUnion;
using StructInUnionPtr = mojo::InlinedStructPtr<StructInUnion>;

class BasicUnion;

using BasicUnionPtr = mojo::StructPtr<BasicUnion>;




}  // golden

#endif  // BASIC_UNION_TEST_MOJOM_FORWARD_H_