../../third_party/anonymous_tokens/src/anonymous_tokens/cpp/privacy_pass/rsa_bssa_public_metadata_client.cc (1 hits): [(99, 32)]
../../third_party/tflite/src/tensorflow/compiler/mlir/lite/tools/versioning/op_signature.cc (2 hits): [(66, 55), (114, 37)]

Total Files: 2, Total Hits: 3