../../third_party/angle/src/libANGLE/renderer/vulkan/ContextVk.cpp (1 hits): [(3556, 30)]
../../third_party/skia/src/gpu/tessellate/MiddleOutPolygonTriangulator.h (1 hits): [(93, 20)]

Total Files: 2, Total Hits: 2