../../base/lazy_instance.h (1 hits): [(122, 28)]
../../third_party/libjpeg_turbo/jdatasrc.c (2 hits): [(61, 34), (204, 30)]
../../third_party/tflite/src/tensorflow/compiler/mlir/lite/tools/versioning/op_signature.cc (1 hits): [(38, 38)]
../../ui/accessibility/platform/ax_platform_node_auralinux.cc (1 hits): [(1521, 27)]
../../v8/src/inspector/value-mirror.h (9 hits): [(60, 30), (60, 55), (63, 30), (63, 44), (64, 12), (64, 28), (67, 30), (67, 44), (67, 60)]

Total Files: 5, Total Hits: 14